// Jest Snapshot v1, https://goo.gl/fbAQLP

exports[`src/04_external/components/01_atoms/PageTitle IconItemを描写 1`] = `
<View
  style={
    Object {
      "marginVertical": 10,
    }
  }
>
  <Text
    style={
      Object {
        "color": "#333",
        "fontSize": 38,
      }
    }
  >
    test
  </Text>
</View>
`;
